// Jest Snapshot v1, https://goo.gl/fbAQLP

exports[`Pruebas en PrimeraApp Debe de momstrar <PrimeraApp /> Correctamente 1`] = `
<Fragment>
  <h1>
    Hola, soy Milton
  </h1>
  <p>
    soy un subtitulo por defecto 2
  </p>
</Fragment>
`;
